[nowrintnxt.github.io/edustage/index.html]
[nowrintnxt.github.io/edustage/img/favicon.png]
[backblue.gif]
[fade.gif]
[index.html]
[nowrintnxt.github.io/edustage/css/bootstrap.css]
[nowrintnxt.github.io/edustage/css/flaticon.css]
[nowrintnxt.github.io/edustage/css/themify-icons.css]
[nowrintnxt.github.io/edustage/vendors/owl-carousel/owl.carousel.min.css]
[nowrintnxt.github.io/edustage/vendors/nice-select/css/nice-select.css]
[nowrintnxt.github.io/edustage/css/style.css]
[nowrintnxt.github.io/edustage/img/logo.png]
[nowrintnxt.github.io/edustage/about-us.html]
[nowrintnxt.github.io/edustage/courses.html]
[nowrintnxt.github.io/edustage/course-details.html]
[nowrintnxt.github.io/edustage/elements.html]
[nowrintnxt.github.io/edustage/blog.html]
[nowrintnxt.github.io/edustage/single-blog.html]
[nowrintnxt.github.io/edustage/contact.html]
[nowrintnxt.github.io/edustage/img/courses/c1.jpg]
[nowrintnxt.github.io/edustage/img/courses/author1.png]
[nowrintnxt.github.io/edustage/img/courses/c2.jpg]
[nowrintnxt.github.io/edustage/img/courses/author2.png]
[nowrintnxt.github.io/edustage/img/courses/c3.jpg]
[nowrintnxt.github.io/edustage/img/courses/author3.png]
[nowrintnxt.github.io/edustage/img/trainer/t1.jpg]
[nowrintnxt.github.io/edustage/img/trainer/t2.jpg]
[nowrintnxt.github.io/edustage/img/trainer/t3.jpg]
[nowrintnxt.github.io/edustage/img/trainer/t4.jpg]
[nowrintnxt.github.io/edustage/img/event/e1.jpg]
[nowrintnxt.github.io/edustage/img/event/e2.jpg]
[nowrintnxt.github.io/edustage/img/next.png]
[nowrintnxt.github.io/edustage/img/testimonials/t1.jpg]
[nowrintnxt.github.io/edustage/img/testimonials/t2.jpg]
[nowrintnxt.github.io/edustage/js/jquery-3.2.1.min.js]
[nowrintnxt.github.io/edustage/js/popper.js]
[nowrintnxt.github.io/edustage/js/bootstrap.min.js]
[nowrintnxt.github.io/edustage/vendors/nice-select/js/jquery.nice-select.min.js]
[nowrintnxt.github.io/edustage/vendors/owl-carousel/owl.carousel.min.js]
[nowrintnxt.github.io/edustage/js/owl-carousel-thumb.min.js]
[nowrintnxt.github.io/edustage/js/jquery.ajaxchimp.min.js]
[nowrintnxt.github.io/edustage/js/mail-script.js]
[nowrintnxt.github.io/edustage/js/gmaps.min.js]
[nowrintnxt.github.io/edustage/js/theme.js]
[nowrintnxt.github.io/edustage/index.html]
[nowrintnxt.github.io/edustage/img/logo2.png]
[nowrintnxt.github.io/edustage/img/about.png]
[nowrintnxt.github.io/edustage/about-us.html]
[nowrintnxt.github.io/edustage/courses.html]
[nowrintnxt.github.io/edustage/img/courses/course-details.jpg]
[nowrintnxt.github.io/edustage/img/blog/c1.jpg]
[nowrintnxt.github.io/edustage/img/blog/c2.jpg]
[nowrintnxt.github.io/edustage/img/blog/c3.jpg]
[nowrintnxt.github.io/edustage/course-details.html]
[nowrintnxt.github.io/edustage/img/elements/d.jpg]
[nowrintnxt.github.io/edustage/img/elements/f1.jpg]
[nowrintnxt.github.io/edustage/img/elements/f2.jpg]
[nowrintnxt.github.io/edustage/img/elements/f3.jpg]
[nowrintnxt.github.io/edustage/img/elements/f4.jpg]
[nowrintnxt.github.io/edustage/img/elements/f5.jpg]
[nowrintnxt.github.io/edustage/img/elements/f6.jpg]
[nowrintnxt.github.io/edustage/img/elements/f7.jpg]
[nowrintnxt.github.io/edustage/img/elements/f8.jpg]
[nowrintnxt.github.io/edustage/img/elements/g1.jpg]
[nowrintnxt.github.io/edustage/img/elements/g2.jpg]
[nowrintnxt.github.io/edustage/img/elements/g3.jpg]
[nowrintnxt.github.io/edustage/img/elements/g4.jpg]
[nowrintnxt.github.io/edustage/img/elements/g5.jpg]
[nowrintnxt.github.io/edustage/img/elements/g6.jpg]
[nowrintnxt.github.io/edustage/img/elements/g7.jpg]
[nowrintnxt.github.io/edustage/img/elements/g8.jpg]
[nowrintnxt.github.io/edustage/elements.html]
[nowrintnxt.github.io/edustage/img/blog/main-blog/m-blog-1.jpg]
[nowrintnxt.github.io/edustage/img/blog/main-blog/m-blog-2.jpg]
[nowrintnxt.github.io/edustage/img/blog/main-blog/m-blog-3.jpg]
[nowrintnxt.github.io/edustage/img/blog/main-blog/m-blog-4.jpg]
[nowrintnxt.github.io/edustage/img/blog/main-blog/m-blog-5.jpg]
[nowrintnxt.github.io/edustage/img/blog/author.png]
[nowrintnxt.github.io/edustage/img/blog/popular-post/post1.jpg]
[nowrintnxt.github.io/edustage/blog-details.html]
[nowrintnxt.github.io/edustage/img/blog/popular-post/post2.jpg]
[nowrintnxt.github.io/edustage/img/blog/popular-post/post3.jpg]
[nowrintnxt.github.io/edustage/img/blog/popular-post/post4.jpg]
[nowrintnxt.github.io/edustage/img/blog/add.jpg]
[nowrintnxt.github.io/edustage/blog.html]
[nowrintnxt.github.io/edustage/img/blog/feature-img1.jpg]
[nowrintnxt.github.io/edustage/img/blog/post-img1.jpg]
[nowrintnxt.github.io/edustage/img/blog/post-img2.jpg]
[nowrintnxt.github.io/edustage/img/blog/prev.jpg]
[nowrintnxt.github.io/edustage/img/blog/next.jpg]
[nowrintnxt.github.io/edustage/img/blog/c4.jpg]
[nowrintnxt.github.io/edustage/img/blog/c5.jpg]
[nowrintnxt.github.io/edustage/single-blog.html]
[nowrintnxt.github.io/edustage/js/stellar.js]
[nowrintnxt.github.io/edustage/js/jquery.validate.min.js]
[nowrintnxt.github.io/edustage/js/contact.js]
[nowrintnxt.github.io/edustage/contact.html]
[nowrintnxt.github.io/edustage/blog-details.html]
[nowrintnxt.github.io/edustage/img/trainer/t2.jpg]
[nowrintnxt.github.io/edustage/img/courses/c1.jpg]
[nowrintnxt.github.io/edustage/css/bootstrap.css]
[nowrintnxt.github.io/edustage/img/courses/c3.jpg]
[nowrintnxt.github.io/edustage/img/trainer/t1.jpg]
[nowrintnxt.github.io/edustage/img/event/e1.jpg]
[nowrintnxt.github.io/edustage/img/event/e2.jpg]
[nowrintnxt.github.io/edustage/img/about.png]
[nowrintnxt.github.io/edustage/img/courses/course-details.jpg]
[nowrintnxt.github.io/edustage/fonts/Flaticon.eot]
[nowrintnxt.github.io/edustage/img/blog/c1.jpg]
[nowrintnxt.github.io/edustage/img/elements/f1.jpg]
[nowrintnxt.github.io/edustage/img/elements/f2.jpg]
[nowrintnxt.github.io/edustage/img/elements/f4.jpg]
[nowrintnxt.github.io/edustage/fonts/Flaticond41d.eot]
[nowrintnxt.github.io/edustage/img/elements/f5.jpg]
[nowrintnxt.github.io/edustage/img/elements/f8.jpg]
[nowrintnxt.github.io/edustage/img/elements/f7.jpg]
[nowrintnxt.github.io/edustage/img/elements/g1.jpg]
[nowrintnxt.github.io/edustage/fonts/Flaticon.woff2]
[nowrintnxt.github.io/edustage/img/elements/g4.jpg]
[nowrintnxt.github.io/edustage/img/elements/g2.jpg]
[nowrintnxt.github.io/edustage/img/elements/g3.jpg]
[nowrintnxt.github.io/edustage/img/elements/g5.jpg]
[nowrintnxt.github.io/edustage/img/elements/g8.jpg]
[nowrintnxt.github.io/edustage/fonts/Flaticon.woff]
[nowrintnxt.github.io/edustage/img/elements/g7.jpg]
[nowrintnxt.github.io/edustage/img/blog/main-blog/m-blog-1.jpg]
[nowrintnxt.github.io/edustage/img/blog/main-blog/m-blog-2.jpg]
[nowrintnxt.github.io/edustage/img/blog/main-blog/m-blog-3.jpg]
[nowrintnxt.github.io/edustage/fonts/Flaticon.ttf]
[nowrintnxt.github.io/edustage/img/blog/main-blog/m-blog-4.jpg]
[nowrintnxt.github.io/edustage/img/blog/author.png]
[nowrintnxt.github.io/edustage/img/blog/main-blog/m-blog-5.jpg]
[nowrintnxt.github.io/edustage/img/blog/popular-post/post1.jpg]
[nowrintnxt.github.io/edustage/css/Flaticon.5b.delayed]
[nowrintnxt.github.io/edustage/css/flaticon.css]
[nowrintnxt.github.io/edustage/fonts/Flaticon.woff]
[nowrintnxt.github.io/edustage/fonts/themify9f24.eot]
[nowrintnxt.github.io/edustage/fonts/themifyd41d.eot]
[nowrintnxt.github.io/edustage/img/blog/feature-img1.jpg]
[nowrintnxt.github.io/edustage/fonts/themify9f24.woff]
[nowrintnxt.github.io/edustage/fonts/themify9f24.ttf]
[nowrintnxt.github.io/edustage/css/themify-icons.css]
[nowrintnxt.github.io/edustage/fonts/themify9f24.svg]
[nowrintnxt.github.io/edustage/vendors/owl-carousel/owl.video.play.png]
[nowrintnxt.github.io/edustage/vendors/owl-carousel/owl.carousel.min.css]
[nowrintnxt.github.io/edustage/vendors/nice-select/css/nice-select.css]
[nowrintnxt.github.io/edustage/img/banner/home-banner.jpg]
[nowrintnxt.github.io/edustage/img/banner/banner-2.jpg]
[nowrintnxt.github.io/edustage/img/banner/banner.jpg]
[nowrintnxt.github.io/edustage/img/elements/primary-check.png]
[nowrintnxt.github.io/edustage/img/elements/success-check.png]
[nowrintnxt.github.io/edustage/img/elements/primary-check.png]
[nowrintnxt.github.io/edustage/img/elements/disabled-check.png]
[nowrintnxt.github.io/edustage/img/elements/primary-radio.png]
[nowrintnxt.github.io/edustage/img/elements/success-radio.png]
[nowrintnxt.github.io/edustage/img/elements/success-radio.png]
[nowrintnxt.github.io/edustage/img/elements/disabled-radio.png]
[nowrintnxt.github.io/edustage/css/style.css]
[nowrintnxt.github.io/edustage/blog-details.html]
[nowrintnxt.github.io/edustage/css/Flaticon.html]
[nowrintnxt.github.io/edustage/fonts/themify9f24.svg]
[nowrintnxt.github.io/edustage/vendors/owl-carousel/owl.video.play.html]
